  [train/L1C] class prevalence 509->224: clear 0.5243->0.5243, thick 0.2781->0.2782, thin 0.1001->0.1001, shadow 0.0974->0.0974
  [test/L1C] class prevalence 509->224: clear 0.5156->0.5156, thick 0.3016->0.3017, thin 0.0860->0.0860, shadow 0.0967->0.0967
  [test/L2A] class prevalence 509->224: clear 0.5156->0.5156, thick 0.3016->0.3017, thin 0.0860->0.0860, shadow 0.0967->0.0967
U-Net vs per-pixel MLP (band-matched 9-band, ONE harness): train 800 patches / 160000 px; test 400 patches over 175 scene-components; 80000 eval px; dev cuda
/home/hctsai1006/cct/band-as-modality-hsi/.venv/lib/python3.12/site-packages/torch/nn/functional.py:3494: UserWarning: nll_loss2d_forward_out_cuda_template does not have a deterministic implementation, but you set 'torch.use_deterministic_algorithms(True, warn_only=True)'. You can file an issue at https://github.com/pytorch/pytorch/issues to help us prioritize adding deterministic support for this operation. (Triggered internally at /pytorch/aten/src/ATen/Context.cpp:92.)
  return torch._C._nn.cross_entropy_loss(
  model seed 0: per-pixel clean acc 77.2, U-Net clean acc 79.9
  model seed 1: per-pixel clean acc 76.7, U-Net clean acc 81.5
  model seed 2: per-pixel clean acc 77.7, U-Net clean acc 82.1
  model seed 3: per-pixel clean acc 77.1, U-Net clean acc 79.9
  model seed 4: per-pixel clean acc 77.4, U-Net clean acc 81.2

  per-pixel (from scratch) naive certificate:
    clean     joint   8.12 +/- 0.38  [7.1, 9.2]  coverage 69%
    L2A_src   joint  23.59 +/- 0.57  [22.0, 25.2]  coverage 92%
    L2A_prod  joint   8.79 +/- 0.70  [6.9, 10.7]  coverage 69%

  U-Net (from scratch) naive certificate:
    clean     joint   8.52 +/- 0.35  [7.6, 9.5]  coverage 77%
    L2A_src   joint  14.40 +/- 0.93  [11.8, 17.0]  coverage 87%
    L2A_prod  joint   8.88 +/- 0.42  [7.7, 10.0]  coverage 78%

  -> L2A stale-norm breach (both 9-band, same eval px, ONE harness): per-pixel MLP 23.6, spatial U-Net 14.4; product-aware norm restores per-pixel 8.8, U-Net 8.9
  -> spatial context attenuates the breach by 9.2 pts within one harness (per-pixel 23.6 -> U-Net 14.4); + pretraining -> DOFA 9.9 (round-5, cross-experiment).
  => a spatial model ALSO breaches under stale normalization (above the 10% target) yet LESS than the per-pixel MLP on IDENTICAL data, AND product-aware normalization restores BOTH -- the silent failure and its label-free fix GENERALISE beyond per-pixel; SEVERITY is model-dependent (spatial context attenuates it here; pretraining attenuates it further).
